apiVersion: backupdr.cnrm.cloud.google.com/v1alpha1
kind: BackupDRBackupVault
metadata:
  annotations:
    key1: value1
  finalizers:
  - cnrm.cloud.google.com/finalizer
  - cnrm.cloud.google.com/deletion-defender
  generation: 1
  labels:
    cnrm-test: "true"
    label-key: label-value
  name: backupdrbackupvault-full-${uniqueId}
  namespace: ${uniqueId}
spec:
  accessRestriction: WITHIN_ORGANIZATION
  backupMinimumEnforcedRetentionDuration: 86400s
  description: This is a full backup vault
  effectiveTime: "2025-08-17T10:00:00Z"
  etag: some-etag
  ignoreInactiveDatasources: true
  location: us-central1
  projectRef:
    external: ${projectId}
status:
  conditions:
  - lastTransitionTime: "1970-01-01T00:00:00Z"
    message: The resource is up to date
    reason: UpToDate
    status: "True"
    type: Ready
  externalRef: projects/${projectId}/locations/us-central1/backupVaults/backupdrbackupvault-full-${uniqueId}
  observedGeneration: 1
  observedState:
    createTime: "1970-01-01T00:00:00Z"
    deletable: true
    serviceAccount: vault-${projectNumber}-29405@gcp-sa-backupdr-pr.iam.gserviceaccount.com
    state: ACTIVE
    uid: 0123456789abcdef
    updateTime: "1970-01-01T00:00:00Z"
