apiVersion: container.cnrm.cloud.google.com/v1beta1
kind: ContainerCluster
metadata:
  annotations:
    cnrm.cloud.google.com/management-conflict-prevention-policy: none
    cnrm.cloud.google.com/mutable-but-unreadable-fields: '{}'
    cnrm.cloud.google.com/observed-secret-versions: (removed)
    cnrm.cloud.google.com/project-id: ${projectId}
    cnrm.cloud.google.com/state-into-spec: absent
  finalizers:
  - cnrm.cloud.google.com/finalizer
  - cnrm.cloud.google.com/deletion-defender
  generation: 3
  labels:
    cnrm-test: "true"
  name: containercluster-${uniqueId}
  namespace: ${uniqueId}
spec:
  addonsConfig:
    cloudrunConfig:
      disabled: true
      loadBalancerType: LOAD_BALANCER_TYPE_INTERNAL
    configConnectorConfig:
      enabled: true
    dnsCacheConfig:
      enabled: true
    gcePersistentDiskCsiDriverConfig:
      enabled: true
    gcpFilestoreCsiDriverConfig:
      enabled: true
    gcsFuseCsiDriverConfig:
      enabled: true
    gkeBackupAgentConfig:
      enabled: true
    horizontalPodAutoscaling:
      disabled: false
    httpLoadBalancing:
      disabled: false
    istioConfig:
      auth: AUTH_NONE
      disabled: false
    kalmConfig:
      enabled: true
    networkPolicyConfig:
      disabled: false
  initialNodeCount: 1
  location: us-central1-a
  releaseChannel:
    channel: RAPID
  resourceID: containercluster-${uniqueId}
  workloadIdentityConfig:
    workloadPool: ${projectId}.svc.id.goog
status:
  conditions:
  - lastTransitionTime: "1970-01-01T00:00:00Z"
    message: The resource is up to date
    reason: UpToDate
    status: "True"
    type: Ready
  endpoint: 34.58.242.159
  labelFingerprint: abcdef0123A=
  masterVersion: 1.33.1-gke.1107000
  observedGeneration: 3
  observedState:
    masterAuth:
      clusterCaCertificate: LS0tLS1CRUdJTiBDRVJUSUZJQ0FURS0tLS0tCk1JSUVMRENDQXBTZ0F3SUJBZ0lRUWZMaDVsdk9JUUdaME92TGpEbzhPREFOQmdrcWhraUc5dzBCQVFzRkFEQXYKTVMwd0t3WURWUVFERXlReFlqSTJOMk01T1MwNFlURmxMVFEyWmpBdFlqTmlaQzAyTXpFM05ETTNaR00xTVRJdwpJQmNOTWpVd05qRXlNak0xT0RJd1doZ1BNakExTlRBMk1EWXdNRFU0TWpCYU1DOHhMVEFyQmdOVkJBTVRKREZpCk1qWTNZems1TFRoaE1XVXRORFptTUMxaU0ySmtMVFl6TVRjME16ZGtZelV4TWpDQ0FhSXdEUVlKS29aSWh2Y04KQVFFQkJRQURnZ0dQQURDQ0FZb0NnZ0dCQUpXT3FOWFVkeXA4NnNCWmJqZzFya1l1YTlmeVpzM3ZjelRGdXZBYwpDaGtBckxBVVpUQXJCUHZVRnpnV2JkTjV0TlUyKzJPdjdmY2ZWYzdmMkZ2U3RxWHBYb216aWVqclpJR3NEb2lPCjg3azVlaTQ3Nk52aHpyZVI5Nis4MWdxTFNlc2lyRTNZb0UxeW41cGdPNjlRWXg5L29rTFVqR29TM0RRZm1zbVIKR3dzUDFiamFrWVRydXVxMUswTWFSQmRlc1ZHRTkyQXFYMys5eVE4b1FueDFXb1h2MWl2dG1JbWw1TVFkTDhKNQpvQnpWMno0OFEwUzdNdG5tQmltcHVHMEVwYkVHN3RJamFEUTNLYjBHa256RnRyakNSaVpLNURHc3JRMGdqVGNqCmErdVdIZ0gwdnFSeXllbTdWNjJSV3NGNWEwV2crVXFlUWRhUW1JSHNnQlVyUDF5WVM0TVZtSmxsTW5FdFJyTGgKQWZ6dFgreVhremZtR2orc1cxUFNkMktvTXB4djhJL1dEWDBibzRJVnJ1K2hvdzRpb2J1SU4vZytoVFp1OHpPegpjL2kyazByZCt2MThDTlZTTVRGUndUMGsxNkEwYVVGMUVBNmNlcnVac1NUaXMwWFVCeXRaUkpYMHNmWGQxdjRRCmp2UXZWd3JCWGhZMUE4YVVqLzN4MG0xMVN3SURBUUFCbzBJd1FEQU9CZ05WSFE4QkFmOEVCQU1DQWdRd0R3WUQKVlIwVEFRSC9CQVV3QXdFQi96QWRCZ05WSFE0RUZnUVVaWmt6NmlvQ1pjWjV2azNLby9jTkhRVnFMOWN3RFFZSgpLb1pJaHZjTkFRRUxCUUFEZ2dHQkFDN3puTEdBdVZqNzNqdUFiVmtGU0RuUS82VzlsdjlRNmE3aTMvL1B4VDJkCjJRVEgrbHhrbDIrclBHNlBaRnV3SG8yWktkNzFwamdWRFVZS1JsVUc0c0dnNGl0S0ZyeHIzM1hUQkpxaEFWNzQKenpsTUJ0eGY1cWp2ZWtLSkswc1p1TGR5bStGZ0RuaUluYUlMdndMMlRPMEE3WFNnRmgvL1I4bStsVUQzT0s4TQpBUW1ZZ0NMSlFWdW9IdG1GanFNTkRlMGJKRWtHQ1lIbkxtdHVxOEZSUTBndTZxV1ljYmF5dWFaUlJrcjZvQnYwCkhId0xhWithRS8xUk13SzlKb2YyN3hBNlhaWjBmcFlYZmUrZEFxM0h1V2piMmEySzdRNXpmdEd6bmZNU0NzR20KRVpaN25rQTdhOGtoUSsvenpSWlNBMm5YNzFteURYRmF4RlNNYnhQanhnTFNoVlZld3lqelpuQ0dtaWRYWmtrRApKcndpajFJZENNZWxBTmM5YytEM1hMWEhGUlhPamlMQ0hRaWN5Mmd6N0RFQW5teENXa1hSVE5ZMXh4alR4L0hTCk41aDVSWGREbXRKMGV5S25zcTRZWTF1MFJhT0Y3SnlYUWh4Smx4R1k5UkIyeU90b0c3YTIzVG5teFZzc3VIcisKOGNBUzNodFkzYzN1bXYzN2d2K1hmUT09Ci0tLS0tRU5EIENFUlRJRklDQVRFLS0tLS0K
    privateClusterConfig:
      privateEndpoint: 10.128.0.72
      publicEndpoint: 34.58.242.159
  selfLink: https://container.googleapis.com/v1beta1/projects/${projectId}/zones/us-central1-a/clusters/containercluster-${uniqueId}
  servicesIpv4Cidr: 34.118.224.0/20
