apiVersion: metastore.cnrm.cloud.google.com/v1alpha1
kind: MetastoreBackup
metadata:
  finalizers:
  - cnrm.cloud.google.com/finalizer
  - cnrm.cloud.google.com/deletion-defender
  generation: 1
  labels:
    cnrm-test: "true"
  name: msbackup-${uniqueId}
  namespace: ${uniqueId}
spec:
  description: A minimal metastore backup
  serviceRef:
    external: projects/${projectId}/locations/us-central1/services/mssvc-${uniqueId}
status:
  conditions:
  - lastTransitionTime: "1970-01-01T00:00:00Z"
    message: The resource is up to date
    reason: UpToDate
    status: "True"
    type: Ready
  externalRef: projects/${projectId}/locations/us-central1/services/mssvc-${uniqueId}/backups/msbackup-${uniqueId}
  observedGeneration: 1
  observedState:
    createTime: "1970-01-01T00:00:00Z"
    endTime: "2025-04-20T02:59:28.584306Z"
    serviceRevision:
      databaseType: MYSQL
      encryptionConfig:
        kmsKeyRef: {}
      hiveMetastoreConfig:
        configOverrides:
          hive.metastore.warehouse.dir: gs://gcs-bucket-mssvc-${uniqueId}-52cdd260-2146-42b1-b892-3c4805/hive-warehouse
        endpointProtocol: THRIFT
        version: 3.1.2
      location: ""
      networkConfig: {}
      networkRef:
        external: projects/${projectId}/global/networks/default
      port: 9083
      releaseChannel: STABLE
      telemetryConfig:
        logFormat: JSON
      tier: DEVELOPER
    state: ACTIVE
