apiVersion: bigqueryreservation.cnrm.cloud.google.com/v1alpha1
kind: BigQueryReservationAssignment
metadata:
  finalizers:
  - cnrm.cloud.google.com/finalizer
  - cnrm.cloud.google.com/deletion-defender
  generation: 1
  labels:
    cnrm-test: "true"
  name: bqassignment-${uniqueId}
  namespace: ${uniqueId}
spec:
  assignee: projects/${projectId}
  jobType: QUERY
  location: us-west2
  projectRef:
    external: ${projectId}
  reservationName: bigqueryreservationreservation${uniqueId}
status:
  conditions:
  - lastTransitionTime: "1970-01-01T00:00:00Z"
    message: The resource is up to date
    reason: UpToDate
    status: "True"
    type: Ready
  externalRef: projects/${projectId}/locations/us-west2/reservations/bigqueryreservationreservation${uniqueId}/assignments/10672749579203387950
  observedGeneration: 1
  observedState:
    name: projects/${projectId}/locations/us-west2/reservations/bigqueryreservationreservation${uniqueId}/assignments/10672749579203387950
    state: ACTIVE
