apiVersion: container.cnrm.cloud.google.com/v1beta1
kind: ContainerCluster
metadata:
  annotations:
    cnrm.cloud.google.com/management-conflict-prevention-policy: none
    cnrm.cloud.google.com/mutable-but-unreadable-fields: '{}'
    cnrm.cloud.google.com/observed-secret-versions: (removed)
    cnrm.cloud.google.com/project-id: ${projectId}
    cnrm.cloud.google.com/state-into-spec: absent
  finalizers:
  - cnrm.cloud.google.com/finalizer
  - cnrm.cloud.google.com/deletion-defender
  generation: 3
  labels:
    cnrm-test: "true"
  name: containercluster-${uniqueId}
  namespace: ${uniqueId}
spec:
  clusterAutoscaling:
    autoProvisioningDefaults:
      bootDiskKMSKeyRef:
        name: kmscryptokey-${uniqueId}
      diskSize: 100
      imageType: UBUNTU_CONTAINERD
      management:
        autoRepair: true
        autoUpgrade: true
      minCpuPlatform: automatic
      oauthScopes:
      - https://www.googleapis.com/auth/cloud-platform
      - https://www.googleapis.com/auth/devstorage.read_only
      serviceAccountRef:
        name: iamserviceaccount-2-${uniqueId}
      shieldedInstanceConfig:
        enableIntegrityMonitoring: true
        enableSecureBoot: true
      upgradeSettings:
        maxSurge: 5
        maxUnavailable: 1
        strategy: SURGE
    autoscalingProfile: BALANCED
    enabled: true
    resourceLimits:
    - maximum: 10
      minimum: 1
      resourceType: cpu
    - maximum: 100
      minimum: 1
      resourceType: memory
  initialNodeCount: 1
  location: us-west1-a
  resourceID: containercluster-${uniqueId}
status:
  conditions:
  - lastTransitionTime: "1970-01-01T00:00:00Z"
    message: The resource is up to date
    reason: UpToDate
    status: "True"
    type: Ready
  endpoint: 34.83.127.151
  labelFingerprint: abcdef0123A=
  masterVersion: 1.32.4-gke.1353003
  observedGeneration: 3
  observedState:
    masterAuth:
      clusterCaCertificate: LS0tLS1CRUdJTiBDRVJUSUZJQ0FURS0tLS0tCk1JSUVMRENDQXBTZ0F3SUJBZ0lRUEhta2lUa05FdlpEK1ZaTnVpS3dxekFOQmdrcWhraUc5dzBCQVFzRkFEQXYKTVMwd0t3WURWUVFERXlRNU16WXhZekUxWWkwNU1Ua3dMVFEyTVdZdFlXSmpZUzFsTkdFeE5qUXpOamRsTURndwpJQmNOTWpVd05qRTVNRGd4TVRRMFdoZ1BNakExTlRBMk1USXdPVEV4TkRSYU1DOHhMVEFyQmdOVkJBTVRKRGt6Ck5qRmpNVFZpTFRreE9UQXRORFl4WmkxaFltTmhMV1UwWVRFMk5ETTJOMlV3T0RDQ0FhSXdEUVlKS29aSWh2Y04KQVFFQkJRQURnZ0dQQURDQ0FZb0NnZ0dCQU5vQ1hvd2hJa0hnVGtDeDJqaG9MWFB2elZqSTdva1Fsd1NMdTczOQo2OEk5Z0p6T0pNTnFJbWdtODlHNEZqTllnbnA1dndVRmZ6MXFQWTlUZGdMRDIxRERNd21DdzZQM2EzQjNTL1VzCmFCRStJRGdIVytqTmxYV3Z2dmNlZFZpcThkMEVNYjZmQnNIZkxQNURDeSswM0RBSmRFZTlWb3Q4NnBodWQvWXgKZWpaSjNlQjFoZjIzYTN2dmtEQ3h2TjRoZlMyL1I4eGVBeGNncmxFck91T3VYOFg1TjJBcXFDSUdkY1FXdUdiSgo2TGM2ajN1WHM0N3NuTVBnb0hEL0JDUXF1amo2U0MzTXdua1I1aElpSWRBNGVYVU9MN2x0djRlOUpoSlVNTzdhCmMrQzFRQWVpYnlEWmc3SDlONkVKbDFYcWFKUlA0QmNud2xDQmwrcWlrUEhra3BHak05NXM5bEFTbXNONTM1VWYKbnFSRk41eElnUkpmTFJ2Q0pzd2hHbXp6MnhKSkNraHZoK3lwdVJVUDJ6RldXRkR6WG9ndWJOY0tHbUh3WGNyZAprc05GYlB3VjBMdFh6SS80WCtNNHpXZExselNkZDQ4MTk5dmpXNU0rbWQvTEFEcWxsVXh6N3JYSnByVVNuZ3hMCkNJNWZVMFZaaW1IL2ZKUGxaQTFlRnEyMitRSURBUUFCbzBJd1FEQU9CZ05WSFE4QkFmOEVCQU1DQWdRd0R3WUQKVlIwVEFRSC9CQVV3QXdFQi96QWRCZ05WSFE0RUZnUVVublRsaEcxNjhablhFWW5PQXdPdVIrTVZjSkl3RFFZSgpLb1pJaHZjTkFRRUxCUUFEZ2dHQkFGSUxpRis4ZDdLZ3dBQlhsS0tycitiNDdUQTgycUk2SXFRTXU1eHY0cXBTCnZHV2lZaDdzcHN6YjE4Y3VESmFZWWVqS2F3Q2NoRlplUFhCUkJ6N0VXVE5rbDJnVXVTeFNWZDFhc0EvT2JIekcKdm5UNUV4c0JKWCtNSTZlUlArNURlVTVoZWFwMDBMbWl0OHR5OFlkTnIxNFluYXE2d245a3J6dWNNZFF2WmNEOApTZVBPb1hpZG01eE11ZzRtMlRya3JaTU03eDg0Nmh5ekVCaWtmdmxScHUwcXlESDhwSVVSbU9HNFZDKzl4Tjl1CmNrRUZ5aXdBSCt6R1pLS2dUNmhhWWFrTXhmTDRUT0RNRkZLS0ZqNHpSUlkyVUFtSmZOMjJZL1c5ckovYW5oSk8KL3lPQndudTNjY0paYjljTGlrVDRRd0U4UCsveHU4eUx3Ri9zaEtVemRnYUovVFZmQTlWWklKRUZJa2xQLzkxaQpnbXBPenpDaHJyWndLZDVQWXEyMTJqSDJpaXZ5cnJ6NnFlTDF1R1gxMi9TQnR4eEcvUmJlNExIeno3bnM0N2w0CkIyaXAxbUxHUDlkMXhhMEhpcWRBMVlhSi9iY0g3dFFWWWVqUkloRUtIZ2x1THF0UHV2MlozdWVXUFoxQlJPMS8KZ0F0SHNhR2s2WWtpRHJyQkZDOHZiZz09Ci0tLS0tRU5EIENFUlRJRklDQVRFLS0tLS0K
    privateClusterConfig:
      privateEndpoint: 10.138.15.221
      publicEndpoint: 34.83.127.151
  selfLink: https://container.googleapis.com/v1beta1/projects/${projectId}/zones/us-west1-a/clusters/containercluster-${uniqueId}
  servicesIpv4Cidr: 34.118.224.0/20
