apiVersion: container.cnrm.cloud.google.com/v1beta1
kind: ContainerCluster
metadata:
  annotations:
    cnrm.cloud.google.com/management-conflict-prevention-policy: none
    cnrm.cloud.google.com/mutable-but-unreadable-fields: '{}'
    cnrm.cloud.google.com/observed-secret-versions: (removed)
    cnrm.cloud.google.com/project-id: ${projectId}
    cnrm.cloud.google.com/state-into-spec: absent
  finalizers:
  - cnrm.cloud.google.com/finalizer
  - cnrm.cloud.google.com/deletion-defender
  generation: 3
  labels:
    cnrm-test: "true"
    label-one: value-two
  name: cluster-sample-${uniqueId}
  namespace: ${uniqueId}
spec:
  clusterAutoscaling:
    autoProvisioningDefaults:
      bootDiskKMSKeyRef:
        name: kmscryptokey-${uniqueId}
    autoscalingProfile: BALANCED
    enabled: true
    resourceLimits:
    - maximum: 100
      minimum: 10
      resourceType: cpu
    - maximum: 1000
      minimum: 100
      resourceType: memory
  initialNodeCount: 1
  ipAllocationPolicy:
    clusterIpv4CidrBlock: /20
    servicesIpv4CidrBlock: /20
  location: us-central1-a
  loggingConfig:
    enableComponents:
    - SYSTEM_COMPONENTS
    - WORKLOADS
  loggingService: none
  monitoringConfig:
    enableComponents:
    - SYSTEM_COMPONENTS
    - APISERVER
    managedPrometheus:
      enabled: true
  monitoringService: none
  networkRef:
    name: computenetwork-${uniqueId}
  nodeConfig:
    linuxNodeConfig:
      cgroupMode: CGROUP_MODE_UNSPECIFIED
      sysctls:
        net.core.somaxconn: "4096"
  notificationConfig:
    pubsub:
      enabled: true
      topicRef:
        name: pubsubtopic-${uniqueId}
  resourceID: cluster-sample-${uniqueId}
  subnetworkRef:
    name: computesubnetwork-${uniqueId}
status:
  conditions:
  - lastTransitionTime: "1970-01-01T00:00:00Z"
    message: The resource is up to date
    reason: UpToDate
    status: "True"
    type: Ready
  endpoint: 34.46.207.171
  labelFingerprint: abcdef0123A=
  masterVersion: 1.32.4-gke.1236007
  observedGeneration: 3
  observedState:
    masterAuth:
      clusterCaCertificate: LS0tLS1CRUdJTiBDRVJUSUZJQ0FURS0tLS0tCk1JSUVMVENDQXBXZ0F3SUJBZ0lSQU9lb1BHTGt0TXdjKzNObHNMNUZkbll3RFFZSktvWklodmNOQVFFTEJRQXcKTHpFdE1Dc0dBMVVFQXhNa1lUTXlaRFE0TkRZdE5ERTFaaTAwTVRNMExXSTNOMlF0WWpGbVpHVmtPVEZqTXpaagpNQ0FYRFRJMU1EWXhNekEyTlRNeE5sb1lEekl3TlRVd05qQTJNRGMxTXpFMldqQXZNUzB3S3dZRFZRUURFeVJoCk16SmtORGcwTmkwME1UVm1MVFF4TXpRdFlqYzNaQzFpTVdaa1pXUTVNV016Tm1Nd2dnR2lNQTBHQ1NxR1NJYjMKRFFFQkFRVUFBNElCandBd2dnR0tBb0lCZ1FDVG80Mml4dWluNUtVdUU0cmcrMlFaNXd0N2d3aERBV1pQcEpsagpBTlRjeFFVeWFSUmxiNm1WcythNlVJRmtGZGNZWUJNZUNyaERzK2hQbHBwd2RsTDRIQTJOWTUrQStZdm9VZWRBCkVrSEdDcW1GZ2hwSlFYdEhlTjZQTTFBSWNMckFwYTlMSys5MHhXOU5YN2lmdmI0eS9DTGprRWlzdTRTY0dIU0oKKzRrMnlUcHZyN0cxV0FjMkdBQWg3MWl1dXRQWU80THphVjNlZ3VZaVJ5ZWl3OTVnbkNNcGRLWGVWeTNaZEg3NApWZEcvOFV1eDFMWmxLQmhPM2gzdnJrazVJSWZVdFVEeGJkSWROczFyTUFaa1BxQ2p1elo3NGc3RkNmZnc1MjVICi9tTVNZV0hyZjF3Z3p2eU54V3lORjlFcTQvTnM4WEM3MWswNEhQYnphWkNsVDVoRGZQNUVrUGExeElFenM4dGIKSjFybXVpdGJvbmNqZE9CWUZiQ3krcXhoZ3NTdStVWFh1MzF1ZjF4N0NWaW1UcmIwZGFVaVRnSXB3WFR6aU9UdApCTUZibzVqUktxYnhPU3dWdENFMmRpa1JOTFl0RTExQjFRK29IOUU1V0ppMHpwZ3h0eHd6WEwrVHBMR3ZybWdpCkVvUzkwSGw1cUlwN2NqZVZtQy9leUI0NlFIa0NBd0VBQWFOQ01FQXdEZ1lEVlIwUEFRSC9CQVFEQWdJRU1BOEcKQTFVZEV3RUIvd1FGTUFNQkFmOHdIUVlEVlIwT0JCWUVGQWRjdXpFQlpkb0VpczU4UnpvOXJ4Vk43eHlZTUEwRwpDU3FHU0liM0RRRUJDd1VBQTRJQmdRQXlybllwblhqUVg4SkJXQytiQ1dGbnhyQlQzeHRxNXp3cWsyV3YyRDN4CkxQVUZXcXJhb2RyNmFOcmpWdFlnZmd4VmY5OUhyQXRwdmp3aGJ2a0RkeWwzbVJDK2FrYXJyZnQ2SnNEQk5HQ2QKYkRPVXh0OGczRGFxOTRDMnEvWDFtMWhkWkxlNmZwQm5XR2ZvQUNESWcxSTRiTm1ZWVdJNnRwY1o4cFJEbEJjNQpMeTI1OTFtcHFqMmErMU13MHBNVkFqYU4xZVAyQXhMbW5sWVowbkwwM0dHTjFyY0Z0US9RVnNLU1Z6UVluMkdnCmVqQ2xOOVM4aDVMcDRqWVU3ckVwNzlSN0g4UlNteUJBYWhZSFZoMHNGa0xNL3BhNnVvZ2ZCTDRqMXUybC8zazUKUXZ1ejZUdXdORE5UVUtyQnQ5REU5d1BQQ0xRakp5c2c4KzlJamhvemxqcjY2eVpYeXBXMFpsNXl5TDBqVUtaagpUVVgyRWwzTHgxQ0NTZ2xpcGlBQ08yd2FGVktsa0VocXRYa3RHY2FiaGswNHdMT0RQVE5yemI1MzdheUU0T3dmCkxRNzVlVXk0TGM4Rnl5S0k4SXM5S2pMUkRibTJQWmJ5ZmRaUzFFbHVXNjV5bkZpdENlR1laWE1WTWFCbjFrMmYKVXluR29oZThaOHM1eXVRVnJwRzk5UHc9Ci0tLS0tRU5EIENFUlRJRklDQVRFLS0tLS0K
    privateClusterConfig:
      privateEndpoint: 10.2.0.2
      publicEndpoint: 34.46.207.171
  selfLink: https://container.googleapis.com/v1beta1/projects/${projectId}/zones/us-central1-a/clusters/cluster-sample-${uniqueId}
  servicesIpv4Cidr: 34.118.224.0/20
