apiVersion: bigquery.cnrm.cloud.google.com/v1beta1
kind: BigQueryTable
metadata:
  annotations:
    cnrm.cloud.google.com/project-id: ${projectId}
  labels:
    cnrm-test: "true"
    managed-by-cnrm: "true"
  name: bigquerytablesample${uniqueId}
spec:
  datasetRef:
    external: bigquerydatasetsample${uniqueId}
  externalDataConfiguration:
    autodetect: true
    compression: NONE
    sourceFormat: CSV
    sourceUris:
    - gs://gcp-public-data-landsat/LC08/01/044/034/LC08_L1GT_044034_20130330_20170310_01_T2/LC08_L1GT_044034_20130330_20170310_01_T2_ANG.txt
  friendlyName: bigquerytable-sample-updated
  requirePartitionFilter: true
  resourceID: bigquerytablesample${uniqueId}
  schema: '[{"description":"Name","mode":"NULLABLE","name":"name","type":"STRING"},{"description":"Email","mode":"NULLABLE","name":"email","type":"STRING"}]'