apiVersion: bigquery.cnrm.cloud.google.com/v1beta1
kind: BigQueryTable
metadata:
  annotations:
    cnrm.cloud.google.com/project-id: ${projectId}
  labels:
    managed-by-cnrm: "true"
    spec-label-key1: updated-value1
    spec-label-key2: updated-value2
  name: bigquerytable-${uniqueId}
spec:
  clustering:
  - name
  - post_abbr
  datasetRef:
    external: bigquerydataset${uniqueId}
  description: A detailed example of a BigQuery Table resource.
  encryptionConfiguration:
    kmsKeyRef:
      external: projects/${projectId}/locations/us-central1/keyRings/kmskeyring-${uniqueId}/cryptoKeys/kmscryptokey-${uniqueId}
  expirationTime: 1800000000000
  friendlyName: BigQueryTable Full Example
  requirePartitionFilter: true
  resourceID: bigquerytable-${uniqueId}
  schema: '[{"mode":"REQUIRED","name":"name","type":"STRING"},{"name":"post_abbr","type":"STRING"},{"name":"date","type":"DATE"},{"name":"col_numeric","precision":"38","scale":"9","type":"NUMERIC"},{"name":"col_bignumeric","precision":"76","scale":"38","type":"BIGNUMERIC"},{"name":"col_geography","type":"GEOGRAPHY"},{"name":"col_timestamp","type":"TIMESTAMP"},{"fields":[{"name":"sub_col1","type":"INTEGER"},{"name":"sub_col2","type":"BOOLEAN"}],"name":"col_record","type":"RECORD"},{"mode":"REPEATED","name":"col_array","type":"INTEGER"}]'
  tableConstraints:
    foreignKeys:
    - columnReferences:
        referencedColumn: state_code
        referencingColumn: post_abbr
      name: fk_constraint_example
      referencedTable:
        datasetId: bigquerydataset${uniqueId}
        projectId: ${projectId}
        tableId: referencedtable${uniqueId}
    - columnReferences:
        referencedColumn: dt
        referencingColumn: date
      name: fk_constraint_example_2
      referencedTable:
        datasetId: bigquerydataset${uniqueId}
        projectId: ${projectId}
        tableId: referencedtable${uniqueId}
    primaryKey:
      columns:
      - name
  timePartitioning:
    expirationMs: 86400000
    field: date
    type: DAY