apiVersion: run.cnrm.cloud.google.com/v1beta1
kind: RunJob
metadata:
  annotations:
    cnrm.cloud.google.com/management-conflict-prevention-policy: none
    cnrm.cloud.google.com/state-into-spec: absent
  finalizers:
  - cnrm.cloud.google.com/finalizer
  - cnrm.cloud.google.com/deletion-defender
  generation: 3
  labels:
    cnrm-test: "true"
  name: runjob-${uniqueId}
  namespace: ${uniqueId}
spec:
  launchStage: GA
  location: us-central1
  projectRef:
    external: ${projectId}
  resourceID: runjob-${uniqueId}
  template:
    template:
      containers:
      - image: us-docker.pkg.dev/cloudrun/container/hello
        name: container-name
status:
  conditions:
  - lastTransitionTime: "1970-01-01T00:00:00Z"
    message: The resource is up to date
    reason: UpToDate
    status: "True"
    type: Ready
  createTime: "1970-01-01T00:00:00Z"
  creator: yuwenma@google.com
  etag: abcdef123456
  lastModifier: yuwenma@google.com
  observedGeneration: 3
  terminalCondition:
  - lastTransitionTime: "2025-09-03T19:42:04.930571Z"
    state: CONDITION_SUCCEEDED
    type: Ready
  uid: "12345678"
  updateTime: "1970-01-01T00:00:00Z"
