apiVersion: documentai.cnrm.cloud.google.com/v1alpha1
kind: DocumentAIProcessor
metadata:
  finalizers:
  - cnrm.cloud.google.com/finalizer
  - cnrm.cloud.google.com/deletion-defender
  generation: 1
  labels:
    cnrm-test: "true"
  name: documentaiprocessor-${uniqueId}
  namespace: ${uniqueId}
spec:
  displayName: test-processor-${uniqueId}
  location: us
  projectRef:
    external: ${projectId}
  type: OCR_PROCESSOR
status:
  conditions:
  - lastTransitionTime: "1970-01-01T00:00:00Z"
    message: The resource is up to date
    reason: UpToDate
    status: "True"
    type: Ready
  externalRef: projects/${projectNumber}/locations/us/processors/7d703d1f267dbea0
  observedGeneration: 1
  observedState:
    createTime: "1970-01-01T00:00:00Z"
    defaultProcessorVersion: projects/${projectNumber}/locations/us/processors/7d703d1f267dbea0/processorVersions/pretrained-ocr-v2.0-2023-06-02
    name: projects/${projectNumber}/locations/us/processors/7d703d1f267dbea0
    processEndpoint: https://us-documentai.googleapis.com/v1/projects/${projectNumber}/locations/us/processors/7d703d1f267dbea0:process
    processorVersionAliases:
    - alias: projects/${projectNumber}/locations/us/processors/7d703d1f267dbea0/processorVersions/pretrained
      processorVersion: projects/${projectNumber}/locations/us/processors/7d703d1f267dbea0/processorVersions/pretrained-ocr-v1.0-2020-09-23
    - alias: projects/${projectNumber}/locations/us/processors/7d703d1f267dbea0/processorVersions/pretrained-next
      processorVersion: projects/${projectNumber}/locations/us/processors/7d703d1f267dbea0/processorVersions/pretrained-ocr-v1.1-2022-09-12
    - alias: projects/${projectNumber}/locations/us/processors/7d703d1f267dbea0/processorVersions/rc
      processorVersion: projects/${projectNumber}/locations/us/processors/7d703d1f267dbea0/processorVersions/pretrained-ocr-v2.1-2024-08-07
    - alias: projects/${projectNumber}/locations/us/processors/7d703d1f267dbea0/processorVersions/stable
      processorVersion: projects/${projectNumber}/locations/us/processors/7d703d1f267dbea0/processorVersions/pretrained-ocr-v2.0-2023-06-02
    state: ENABLED
