apiVersion: apigee.cnrm.cloud.google.com/v1beta1
kind: ApigeeEnvgroupAttachment
metadata:
  finalizers:
  - cnrm.cloud.google.com/finalizer
  - cnrm.cloud.google.com/deletion-defender
  generation: 1
  labels:
    cnrm-test: "true"
  name: apgenvga-${uniqueId}
  namespace: ${uniqueId}
spec:
  envgroupRef:
    name: apgenvg-${uniqueId}
  environmentRef:
    name: apgenv-${uniqueId}
status:
  conditions:
  - lastTransitionTime: "1970-01-01T00:00:00Z"
    message: The resource is up to date
    reason: UpToDate
    status: "True"
    type: Ready
  externalRef: organizations/${projectId}/envgroups/apgenvg-${uniqueId}/attachments/ff4e7e08-52fe-4e6c-95d9-aa4ea0e25982
  observedGeneration: 1
  observedState:
    createdAt: 1711974896
