apiVersion: networkconnectivity.cnrm.cloud.google.com/v1alpha1
kind: NetworkConnectivityInternalRange
metadata:
  finalizers:
  - cnrm.cloud.google.com/finalizer
  - cnrm.cloud.google.com/deletion-defender
  generation: 1
  labels:
    cnrm-test: "true"
  name: networkconnectivityinternalrange-minimal-${uniqueId}
  namespace: ${uniqueId}
spec:
  description: Initial description
  location: global
  networkRef:
    name: computenetwork-${uniqueId}
  prefixLength: 24
  projectRef:
    external: ${projectId}
status:
  conditions:
  - lastTransitionTime: "1970-01-01T00:00:00Z"
    message: The resource is up to date
    reason: UpToDate
    status: "True"
    type: Ready
  observedGeneration: 1
  observedState: {}
