apiVersion: dataplex.cnrm.cloud.google.com/v1alpha1
kind: DataplexTask
metadata:
  finalizers:
  - cnrm.cloud.google.com/finalizer
  - cnrm.cloud.google.com/deletion-defender
  generation: 2
  labels:
    cnrm-test: "true"
  name: dataplextask-minimal-${uniqueId}
  namespace: ${uniqueId}
spec:
  description: Updated description
  executionSpec:
    serviceAccount: ${projectNumber}-compute@developer.gserviceaccount.com
  lakeRef:
    name: dataplexlake-${uniqueId}
  spark:
    pythonScriptFile: gs://dataproc-examples/pyspark/hello-world/hello-world.py
  triggerSpec:
    type: ON_DEMAND
status:
  conditions:
  - lastTransitionTime: "1970-01-01T00:00:00Z"
    message: The resource is up to date
    reason: UpToDate
    status: "True"
    type: Ready
  externalRef: projects/${projectId}/locations/us-central1/lakes/dataplexlake-${uniqueId}/tasks/dataplextask-minimal-${uniqueId}
  observedGeneration: 2
  observedState:
    createTime: "1970-01-01T00:00:00Z"
    executionStatus:
      latestJob:
        name: projects/${projectNumber}/locations/us-central1/lakes/dataplexlake-${uniqueId}/tasks/dataplextask-minimal-${uniqueId}/jobs/28691706-9e61-44b4-ac05-98aca0064170
        trigger: TASK_CONFIG
        uid: 28691706-9e61-44b4-ac05-98aca0064170
      updateTime: "2025-04-09T00:15:37.278555Z"
    state: ACTIVE
    uid: 0123456789abcdef
    updateTime: "1970-01-01T00:00:00Z"
