apiVersion: tags.cnrm.cloud.google.com/v1alpha1
kind: TagsLocationTagBinding
metadata:
  annotations:
    cnrm.cloud.google.com/management-conflict-prevention-policy: none
    cnrm.cloud.google.com/state-into-spec: absent
  finalizers:
  - cnrm.cloud.google.com/finalizer
  - cnrm.cloud.google.com/deletion-defender
  generation: 2
  labels:
    cnrm-test: "true"
  name: locationtagbinding-${uniqueId}
  namespace: ${uniqueId}
spec:
  location: us
  parentRef:
    external: //storage.googleapis.com/projects/_/buckets/storagebucket-sample-${uniqueId}
  resourceID: tagBindings/%2F%2Fstorage.googleapis.com%2Fprojects%2F_%2Fbuckets%2Fstoragebucket-sample-${uniqueId}/tagValues/${tagValueID}
  tagValueRef:
    name: tagstagvalue-${uniqueId}
status:
  conditions:
  - lastTransitionTime: "1970-01-01T00:00:00Z"
    message: The resource is up to date
    reason: UpToDate
    status: "True"
    type: Ready
  name: tagBindings/%2F%2Fstorage.googleapis.com%2Fprojects%2F_%2Fbuckets%2Fstoragebucket-sample-${uniqueId}/tagValues/${tagValueID}
  observedGeneration: 2
