apiVersion: alloydb.cnrm.cloud.google.com/v1beta1
kind: AlloyDBCluster
metadata:
  annotations:
    cnrm.cloud.google.com/management-conflict-prevention-policy: none
    cnrm.cloud.google.com/mutable-but-unreadable-fields: '{}'
    cnrm.cloud.google.com/observed-secret-versions: (removed)
    cnrm.cloud.google.com/state-into-spec: absent
  finalizers:
  - cnrm.cloud.google.com/finalizer
  - cnrm.cloud.google.com/deletion-defender
  generation: 3
  labels:
    cnrm-test: "true"
  name: alloydbcluster-${uniqueId}
  namespace: ${uniqueId}
spec:
  automatedBackupPolicy:
    enabled: true
    location: northamerica-northeast1
    quantityBasedRetention:
      count: 2
    weeklySchedule:
      daysOfWeek:
      - MONDAY
      startTimes:
      - hours: 10
        minutes: 0
        nanos: 0
        seconds: 0
  location: northamerica-northeast1
  networkConfig:
    networkRef:
      name: computenetwork-${uniqueId}
  projectRef:
    external: ${projectId}
  resourceID: alloydbcluster-${uniqueId}
status:
  conditions:
  - lastTransitionTime: "1970-01-01T00:00:00Z"
    message: The resource is up to date
    reason: UpToDate
    status: "True"
    type: Ready
  continuousBackupInfo:
  - enabledTime: "1970-01-01T00:00:00Z"
    encryptionInfo:
    - encryptionType: GOOGLE_DEFAULT_ENCRYPTION
    schedule:
    - MONDAY
    - TUESDAY
    - WEDNESDAY
    - THURSDAY
    - FRIDAY
    - SATURDAY
    - SUNDAY
  databaseVersion: POSTGRES_15
  encryptionInfo:
  - encryptionType: GOOGLE_DEFAULT_ENCRYPTION
  name: projects/${projectId}/locations/northamerica-northeast1/clusters/alloydbcluster-${uniqueId}
  observedGeneration: 3
  observedState:
    clusterType: PRIMARY
  uid: "12345678"
