apiVersion: run.cnrm.cloud.google.com/v1beta1
kind: RunJob
metadata:
  annotations:
    cnrm.cloud.google.com/management-conflict-prevention-policy: none
    cnrm.cloud.google.com/state-into-spec: absent
  finalizers:
  - cnrm.cloud.google.com/finalizer
  - cnrm.cloud.google.com/deletion-defender
  generation: 2
  labels:
    app.kubernetes.io/component: mock-component
    app.kubernetes.io/instance: mock-instance
    app.kubernetes.io/managed-by: configmanagement.gke.io
    app.kubernetes.io/name: mock-app
    app.kubernetes.io/part-of: mock-part-of
    app.kubernetes.io/version: v1.0.0
    applyset.kubernetes.io/id: mock-applyset-id
    cnrm-test: "true"
    configmanagement.gke.io/sync-name: mock-sync-name
    configmanagement.gke.io/sync-namespace: mock-sync-namespace
    custom-label: bar
  name: runjob-labels
  namespace: ${uniqueId}
spec:
  location: us-central1
  projectRef:
    external: ${projectId}
  resourceID: runjob-labels
  template:
    template:
      containers:
      - image: us-docker.pkg.dev/cloudrun/container/hello
status:
  conditions:
  - lastTransitionTime: "1970-01-01T00:00:00Z"
    message: The resource is up to date
    reason: UpToDate
    status: "True"
    type: Ready
  createTime: "1970-01-01T00:00:00Z"
  creator: test@google.com
  etag: abcdef123456
  lastModifier: test@google.com
  observedGeneration: 2
  terminalCondition:
  - lastTransitionTime: "1970-01-01T00:00:00Z"
    state: CONDITION_SUCCEEDED
    type: Ready
  uid: "12345678"
  updateTime: "1970-01-01T00:00:00Z"
