apiVersion: composer.cnrm.cloud.google.com/v1alpha1
kind: ComposerEnvironment
metadata:
  finalizers:
  - cnrm.cloud.google.com/finalizer
  - cnrm.cloud.google.com/deletion-defender
  generation: 2
  labels:
    cnrm-test: "true"
  name: composerenvironment-${uniqueId}
  namespace: ${uniqueId}
spec:
  labels:
    test: "true"
  location: us-central1
  projectRef:
    external: ${projectId}
status:
  conditions:
  - lastTransitionTime: "1970-01-01T00:00:00Z"
    message: The resource is up to date
    reason: UpToDate
    status: "True"
    type: Ready
  externalRef: projects/${projectId}/locations/us-central1/environments/composerenvironment-${uniqueId}
  observedGeneration: 2
  observedState:
    config:
      airflowByoidURI: https://26ba48b6de634aebabf0ecf02421684e-dot-us-central1.composer.byoid.googleusercontent.com
      airflowURI: https://26ba48b6de634aebabf0ecf02421684e-dot-us-central1.composer.googleusercontent.com
      dagGcsPrefix: gs://us-central1-composerenviron-6a740288-bucket/dags
      gkeCluster: projects/${projectId}/locations/us-central1/clusters/us-central1-composerenviron-6a740288-gke
      privateEnvironmentConfig:
        privateClusterConfig: {}
    createTime: "1970-01-01T00:00:00Z"
    state: RUNNING
    updateTime: "1970-01-01T00:00:00Z"
    uuid: 26ba48b6-de63-4aeb-abf0-ecf02421684e
